// Jest Snapshot v1, https://goo.gl/fbAQLP

exports[`Top Bar component Displays applications menu 1`] = `
<header aria-label="Top bar" class="oc-topbar uk-flex uk-flex-middle uk-flex-wrap oc-border-b oc-p-s">
  <oc-grid-stub gutter="medium" flex="">
    <div class="uk-hidden@l">
      <oc-button-stub appearance="raw" aria-label="Open navigation menu" class="oc-m-s oc-app-navigation-toggle">
        <oc-icon-stub name="menu"></oc-icon-stub>
      </oc-button-stub>
    </div>
    <portal-target-stub name="app.runtime.header" multiple=""></portal-target-stub>
  </oc-grid-stub>
  <oc-grid-stub flex="" gutter="small" class="uk-width-expand uk-flex-right oc-m-rm">
    <!---->
    <applications-menu-stub applicationslist="testApp"></applications-menu-stub>
    <user-menu-stub userid="einstein" userdisplayname="Albert Einstein" applicationslist="testApp"></user-menu-stub>
  </oc-grid-stub>
</header>
`;
